header = ""
footer = ""
modules = []
outputs = []
providers = []
requirements = []
resources = []

[[inputs]]
  name = "unquoted"
  type = "any"
  description = ""
  required = true
  [inputs.default]

[[inputs]]
  name = "bool-3"
  type = "bool"
  description = ""
  default = true
  required = false

[[inputs]]
  name = "bool-2"
  type = "bool"
  description = "It's bool number two."
  default = false
  required = false

[[inputs]]
  name = "bool-1"
  type = "bool"
  description = "It's bool number one."
  default = true
  required = false

[[inputs]]
  name = "string-3"
  type = "string"
  description = ""
  default = ""
  required = false

[[inputs]]
  name = "string-2"
  type = "string"
  description = "It's string number two."
  required = true
  [inputs.default]

[[inputs]]
  name = "string-1"
  type = "string"
  description = "It's string number one."
  default = "bar"
  required = false

[[inputs]]
  name = "string-special-chars"
  type = "string"
  description = ""
  default = "\\.<>[]{}_-"
  required = false

[[inputs]]
  name = "number-3"
  type = "number"
  description = ""
  default = "19"
  required = false

[[inputs]]
  name = "number-4"
  type = "number"
  description = ""
  default = 15.75
  required = false

[[inputs]]
  name = "number-2"
  type = "number"
  description = "It's number number two."
  required = true
  [inputs.default]

[[inputs]]
  name = "number-1"
  type = "number"
  description = "It's number number one."
  default = 42.0
  required = false

[[inputs]]
  name = "map-3"
  type = "map"
  description = ""
  required = false
  [inputs.default]

[[inputs]]
  name = "map-2"
  type = "map"
  description = "It's map number two."
  required = true
  [inputs.default]

[[inputs]]
  name = "map-1"
  type = "map"
  description = "It's map number one."
  required = false
  [inputs.default]
    a = 1.0
    b = 2.0
    c = 3.0

[[inputs]]
  name = "list-3"
  type = "list"
  description = ""
  default = []
  required = false

[[inputs]]
  name = "list-2"
  type = "list"
  description = "It's list number two."
  required = true
  [inputs.default]

[[inputs]]
  name = "list-1"
  type = "list"
  description = "It's list number one."
  default = ["a", "b", "c"]
  required = false

[[inputs]]
  name = "input_with_underscores"
  type = "any"
  description = "A variable with underscores."
  required = true
  [inputs.default]

[[inputs]]
  name = "input-with-pipe"
  type = "string"
  description = "It includes v1 | v2 | v3"
  default = "v1"
  required = false

[[inputs]]
  name = "input-with-code-block"
  type = "list"
  description = "This is a complicated one. We need a newline.  \nAnd an example in a code block\n```\ndefault     = [\n  \"machine rack01:neptune\"\n]\n```\n"
  default = ["name rack:location"]
  required = false

[[inputs]]
  name = "long_type"
  type = "object({\n    name = string,\n    foo  = object({ foo = string, bar = string }),\n    bar  = object({ foo = string, bar = string }),\n    fizz = list(string),\n    buzz = list(string)\n  })"
  description = "This description is itself markdown.\n\nIt spans over multiple lines.\n"
  required = false
  [inputs.default]
    buzz = ["fizz", "buzz"]
    fizz = []
    name = "hello"
    [inputs.default.bar]
      bar = "bar"
      foo = "bar"
    [inputs.default.foo]
      bar = "foo"
      foo = "foo"

[[inputs]]
  name = "no-escape-default-value"
  type = "string"
  description = "The description contains `something_with_underscore`. Defaults to 'VALUE_WITH_UNDERSCORE'."
  default = "VALUE_WITH_UNDERSCORE"
  required = false

[[inputs]]
  name = "with-url"
  type = "string"
  description = "The description contains url. https://www.domain.com/foo/bar_baz.html"
  default = ""
  required = false

[[inputs]]
  name = "string_default_empty"
  type = "string"
  description = ""
  default = ""
  required = false

[[inputs]]
  name = "string_default_null"
  type = "string"
  description = ""
  required = false
  [inputs.default]

[[inputs]]
  name = "string_no_default"
  type = "string"
  description = ""
  required = true
  [inputs.default]

[[inputs]]
  name = "number_default_zero"
  type = "number"
  description = ""
  default = 0.0
  required = false

[[inputs]]
  name = "bool_default_false"
  type = "bool"
  description = ""
  default = false
  required = false

[[inputs]]
  name = "list_default_empty"
  type = "list(string)"
  description = ""
  default = []
  required = false

[[inputs]]
  name = "object_default_empty"
  type = "object({})"
  description = ""
  required = false
  [inputs.default]

[[inputs]]
  name = "variable_with_no_validation"
  type = "string"
  description = "This variable has no validation"
  default = ""
  required = false

[[inputs]]
  name = "variable_with_one_validation"
  type = "string"
  description = "This variable has one validation"
  default = ""
  required = false
  validation = ["var.variable_with_one_validation must be empty or 10 characters long."]

[[inputs]]
  name = "variable_with_two_validations"
  type = "string"
  description = "This variable has two validations"
  required = true
  validation = ["var.variable_with_two_validations must be 10 characters long.", "var.variable_with_two_validations must start with 'magic'."]
  [inputs.default]