== Inputs

[cols="a,a,a",options="header,autowidth"]
|===
|Name |Description |Default
|unquoted
|n/a
|n/a

|bool-3
|n/a
|`true`

|bool-2
|It's bool number two.
|`false`

|bool-1
|It's bool number one.
|`true`

|string-3
|n/a
|`""`

|string-2
|It's string number two.
|n/a

|string-1
|It's string number one.
|`"bar"`

|string-special-chars
|n/a
|`"\\.<>[]{}_-"`

|number-3
|n/a
|`"19"`

|number-4
|n/a
|`15.75`

|number-2
|It's number number two.
|n/a

|number-1
|It's number number one.
|`42`

|map-3
|n/a
|`{}`

|map-2
|It's map number two.
|n/a

|map-1
|It's map number one.
|

[source]
----
{
  "a": 1,
  "b": 2,
  "c": 3
}
----

|list-3
|n/a
|`[]`

|list-2
|It's list number two.
|n/a

|list-1
|It's list number one.
|

[source]
----
[
  "a",
  "b",
  "c"
]
----

|input_with_underscores
|A variable with underscores.
|n/a

|input-with-pipe
|It includes v1 \| v2 \| v3
|`"v1"`

|input-with-code-block
|This is a complicated one. We need a newline.  
And an example in a code block
[source]
----
default     = [
  "machine rack01:neptune"
]
----

|

[source]
----
[
  "name rack:location"
]
----

|long_type
|This description is itself markdown.

It spans over multiple lines.

|

[source]
----
{
  "bar": {
    "bar": "bar",
    "foo": "bar"
  },
  "buzz": [
    "fizz",
    "buzz"
  ],
  "fizz": [],
  "foo": {
    "bar": "foo",
    "foo": "foo"
  },
  "name": "hello"
}
----

|no-escape-default-value
|The description contains `something_with_underscore`. Defaults to 'VALUE_WITH_UNDERSCORE'.
|`"VALUE_WITH_UNDERSCORE"`

|with-url
|The description contains url. https://www.domain.com/foo/bar_baz.html
|`""`

|string_default_empty
|n/a
|`""`

|string_default_null
|n/a
|`null`

|string_no_default
|n/a
|n/a

|number_default_zero
|n/a
|`0`

|bool_default_false
|n/a
|`false`

|list_default_empty
|n/a
|`[]`

|object_default_empty
|n/a
|`{}`

|variable_with_no_validation
|This variable has no validation
|`""`

|variable_with_one_validation
|This variable has one validation
|`""`

|variable_with_two_validations
|This variable has two validations
|n/a

|===