== Requirements

[cols="a,a",options="header,autowidth"]
|===
|Name |Version |Aliases
|terraform |>= 0.12 |n/a
|aws |>= 2.15.0 |aws,aws.ident
|foo |>= 1.0 |n/a
|random |>= 2.2.0 |n/a
|===