header: ""
footer: ""
examples: []
inputs: []
modules: []
outputs: []
providers: []
requirements: []
resources: []