header: ""
footer: ""
examples: []
inputs: []
modules:
  - name: bar
    source: baz
    version: 4.5.6
    description: null
  - name: foo
    source: bar
    version: 1.2.3
    description: another type of description for module foo
  - name: baz
    source: baz
    version: 4.5.6
    description: null
  - name: foobar
    source: git@github.com:module/path
    version: v7.8.9
    description: null
outputs: []
providers: []
requirements: []
resources: []