## Requirements

The following requirements are needed by this module:

- terraform (>= 0.12)

- aws (>= 2.15.0) (aliases: aws,aws.ident)

- foo (>= 1.0)

- random (>= 2.2.0)