## Requirements ##

No requirements.

## Providers ##

No providers.

## Modules ##

No modules.

## Resources ##

No resources.

## Inputs ##

No inputs.

## Outputs ##

No outputs.