[90mUsage:

Example of 'foo_bar' module in `foo_bar.tf`.

- list item 1
- list item 2

Even inline **formatting** in _here_ is possible.
and some [link](https://domain.com/)

* list item 3
* list item 4

```hcl
module "foo_bar" {
  source = "github.com/foo/bar"

  id   = "1234567890"
  name = "baz"

  zones = ["us-east-1", "us-west-1"]

  tags = {
    Name         = "baz"
    Created-By   = "first.last@email.com"
    Date-Created = "20180101"
  }
}
```

Here is some trailing text after code block,
followed by another line of text.

| Name | Description     |
|------|-----------------|
| Foo  | Foo description |
| Bar  | Bar description |[0m


[36mrequirement.terraform[0m (>= 0.12)
[36mrequirement.aws[0m (>= 2.15.0)
[36mrequirement.foo[0m (>= 1.0)
[36mrequirement.random[0m (>= 2.2.0)


[36mprovider.tls[0m
[36mprovider.foo[0m (>= 1.0)
[36mprovider.aws[0m (>= 2.15.0)
[36mprovider.aws.ident[0m (>= 2.15.0)
[36mprovider.null[0m


[36mmodule.bar[0m (baz,4.5.6)
[36mmodule.foo[0m (bar,1.2.3)
[36mmodule.baz[0m (baz,4.5.6)
[36mmodule.foobar[0m (git@github.com:module/path,v7.8.9)


[36mresource.foo_resource.baz (resource)[0m
[36mresource.null_resource.foo (resource)[0m (https://registry.terraform.io/providers/hashicorp/null/latest/docs/resources/resource)
[36mresource.tls_private_key.baz (resource)[0m (https://registry.terraform.io/providers/hashicorp/tls/latest/docs/resources/private_key)
[36mdata.aws_caller_identity.current (data source)[0m (https://registry.terraform.io/providers/hashicorp/aws/latest/docs/data-sources/caller_identity)
[36mdata.aws_caller_identity.ident (data source)[0m (https://registry.terraform.io/providers/hashicorp/aws/latest/docs/data-sources/caller_identity)


[36minput.unquoted[0m (required)
[90mn/a[0m

[36minput.bool-3[0m (true)
[90mn/a[0m

[36minput.bool-2[0m (false)
[90mIt's bool number two.[0m

[36minput.bool-1[0m (true)
[90mIt's bool number one.[0m

[36minput.string-3[0m ("")
[90mn/a[0m

[36minput.string-2[0m (required)
[90mIt's string number two.[0m

[36minput.string-1[0m ("bar")
[90mIt's string number one.[0m

[36minput.string-special-chars[0m ("\\.<>[]{}_-")
[90mn/a[0m

[36minput.number-3[0m ("19")
[90mn/a[0m

[36minput.number-4[0m (15.75)
[90mn/a[0m

[36minput.number-2[0m (required)
[90mIt's number number two.[0m

[36minput.number-1[0m (42)
[90mIt's number number one.[0m

[36minput.map-3[0m ({})
[90mn/a[0m

[36minput.map-2[0m (required)
[90mIt's map number two.[0m

[36minput.map-1[0m ({
  "a": 1,
  "b": 2,
  "c": 3
})
[90mIt's map number one.[0m

[36minput.list-3[0m ([])
[90mn/a[0m

[36minput.list-2[0m (required)
[90mIt's list number two.[0m

[36minput.list-1[0m ([
  "a",
  "b",
  "c"
])
[90mIt's list number one.[0m

[36minput.input_with_underscores[0m (required)
[90mA variable with underscores.[0m

[36minput.input-with-pipe[0m ("v1")
[90mIt includes v1 | v2 | v3[0m

[36minput.input-with-code-block[0m ([
  "name rack:location"
])
[90mThis is a complicated one. We need a newline.  
And an example in a code block
```
default     = [
  "machine rack01:neptune"
]
```[0m

[36minput.long_type[0m ({
  "bar": {
    "bar": "bar",
    "foo": "bar"
  },
  "buzz": [
    "fizz",
    "buzz"
  ],
  "fizz": [],
  "foo": {
    "bar": "foo",
    "foo": "foo"
  },
  "name": "hello"
})
[90mThis description is itself markdown.

It spans over multiple lines.[0m

[36minput.no-escape-default-value[0m ("VALUE_WITH_UNDERSCORE")
[90mThe description contains `something_with_underscore`. Defaults to 'VALUE_WITH_UNDERSCORE'.[0m

[36minput.with-url[0m ("")
[90mThe description contains url. https://www.domain.com/foo/bar_baz.html[0m

[36minput.string_default_empty[0m ("")
[90mn/a[0m

[36minput.string_default_null[0m (null)
[90mn/a[0m

[36minput.string_no_default[0m (required)
[90mn/a[0m

[36minput.number_default_zero[0m (0)
[90mn/a[0m

[36minput.bool_default_false[0m (false)
[90mn/a[0m

[36minput.list_default_empty[0m ([])
[90mn/a[0m

[36minput.object_default_empty[0m ({})
[90mn/a[0m

[36minput.variable_with_no_validation[0m ("")
[90mThis variable has no validation[0m

[36minput.variable_with_one_validation[0m ("")
[90mThis variable has one validation[0m

[36minput.variable_with_two_validations[0m (required)
[90mThis variable has two validations[0m


[36moutput.unquoted[0m
[90mIt's unquoted output.[0m

[36moutput.output-2[0m
[90mIt's output number two.[0m

[36moutput.output-1[0m
[90mIt's output number one.[0m

[36moutput.output-0.12[0m
[90mterraform 0.12 only[0m

[90m## This is an example of a footer

It looks exactly like a header, but is placed at the end of the document[0m