<module>
  <header>Usage:&#xA;&#xA;Example of &#39;foo_bar&#39; module in `foo_bar.tf`.&#xA;&#xA;- list item 1&#xA;- list item 2&#xA;&#xA;Even inline **formatting** in _here_ is possible.&#xA;and some [link](https://domain.com/)&#xA;&#xA;* list item 3&#xA;* list item 4&#xA;&#xA;```hcl&#xA;module &#34;foo_bar&#34; {&#xA;  source = &#34;github.com/foo/bar&#34;&#xA;&#xA;  id   = &#34;1234567890&#34;&#xA;  name = &#34;baz&#34;&#xA;&#xA;  zones = [&#34;us-east-1&#34;, &#34;us-west-1&#34;]&#xA;&#xA;  tags = {&#xA;    Name         = &#34;baz&#34;&#xA;    Created-By   = &#34;first.last@email.com&#34;&#xA;    Date-Created = &#34;20180101&#34;&#xA;  }&#xA;}&#xA;```&#xA;&#xA;Here is some trailing text after code block,&#xA;followed by another line of text.&#xA;&#xA;| Name | Description     |&#xA;|------|-----------------|&#xA;| Foo  | Foo description |&#xA;| Bar  | Bar description |</header>
  <footer></footer>
  <examples></examples>
  <inputs></inputs>
  <modules></modules>
  <outputs></outputs>
  <providers></providers>
  <requirements></requirements>
  <resources></resources>
</module>