<module>
  <header></header>
  <footer></footer>
  <examples></examples>
  <inputs></inputs>
  <modules></modules>
  <outputs></outputs>
  <providers></providers>
  <requirements>
    <requirement>
      <name>terraform</name>
      <version>&gt;= 0.12</version>
    </requirement>
    <requirement>
      <name>aws</name>
      <version>&gt;= 2.15.0</version>
    </requirement>
    <requirement>
      <name>foo</name>
      <version>&gt;= 1.0</version>
    </requirement>
    <requirement>
      <name>random</name>
      <version>&gt;= 2.2.0</version>
    </requirement>
  </requirements>
  <resources></resources>
</module>